
03/22 08:51:06 INFO   :.....mailslot_create: creating mailslot for RSVP
03/22 08:51:06 INFO   :....mailbox_register: mailbox allocated for rsvp
03/22 08:51:06 INFO   :.....mailslot_create: creating mailslot for RSVP via UDP
03/22 08:51:06 INFO   :....mailbox_register: mailbox allocated for rsvp-udp
03/22 08:51:06 TRACE  :..entity_initialize: interface 127.0.0.1, entity for rsvp allocated and initialized
03/22 08:51:06 INFO   :......mailslot_create: creating socket for querying route
03/22 08:51:06 INFO   :.....mailbox_register: no mailbox necessary for forward
03/22 08:51:06 INFO   :......mailslot_create: creating mailslot for route engine - informational socket
03/22 08:51:06 TRACE  :......mailslot_create: ready to accept informational socket connection
03/22 08:51:11 INFO   :.....mailbox_register: mailbox allocated for route
03/22 08:51:11 INFO   :.....mailslot_create: creating socket for traffic control module
03/22 08:51:11 INFO   :....mailbox_register: no mailbox necessary for traffic-control
03/22 08:51:11 INFO   :....mailslot_create: creating mailslot for RSVP client API
03/22 08:51:11 INFO   :...mailbox_register: mailbox allocated for rsvp-api
03/22 08:51:11 INFO   :...mailslot_create: creating mailslot for terminate
03/22 08:51:11 INFO   :..mailbox_register: mailbox allocated for terminate
03/22 08:51:11 INFO   :...mailslot_create: creating mailslot for dump
03/22 08:51:11 INFO   :..mailbox_register: mailbox allocated for dump
03/22 08:51:11 INFO   :...mailslot_create: creating mailslot for (broken) pipe
03/22 08:51:11 INFO   :..mailbox_register: mailbox allocated for pipe
 07 
03/22 08:51:11 INFO   :.main: rsvpd initialization complete
 08 
03/22 08:52:50 INFO   :......rsvp_api_open: accepted a new connection for rapi
03/22 08:52:50 INFO   :.......mailbox_register: mailbox allocated for mailbox
03/22 08:52:50 TRACE  :......rsvp_event_mapSession: Session=9.67.116.99:1047:6 does not exist
 09 
03/22 08:52:50 EVENT  :.....api_reader: api request SESSION
 10 
03/22 08:52:50 TRACE  :......rsvp_event_establishSession: local node will send
03/22 08:52:50 INFO   :........router_forward_getOI: Ioctl to get route entry successful
03/22 08:52:50 TRACE  :........router_forward_getOI:         source address:   9.67.116.98
03/22 08:52:50 TRACE  :........router_forward_getOI:         out inf:   9.67.116.98
03/22 08:52:50 TRACE  :........router_forward_getOI:         gateway:   0.0.0.0
03/22 08:52:50 TRACE  :........router_forward_getOI:         route handle:   7f5251c8
 11 
03/22 08:52:50 TRACE  :.......event_establishSessionSend: found outgoing if=9.67.116.98 through 
forward engine
03/22 08:52:50 TRACE  :......rsvp_event_mapSession: Session=9.67.116.99:1047:6 exists
 12 
03/22 08:52:50 EVENT  :.....api_reader: api request SENDER
 13 
03/22 08:52:50 INFO   :.......init_policyAPI: papi_debug:  Entering
 
03/22 08:52:50 INFO   :.......init_policyAPI: papi_debug:  papiLogFunc = 98681F0 papiUserValue = 0
 
03/22 08:52:50 INFO   :.......init_policyAPI: papi_debug:  Exiting
 
03/22 08:52:50 INFO   :.......init_policyAPI: APIInitialize:  Entering
 
03/22 08:52:50 INFO   :.......init_policyAPI: open_socket:  Entering
 
03/22 08:52:50 INFO   :.......init_policyAPI: open_socket:  Exiting
 
03/22 08:52:50 INFO   :.......init_policyAPI: APIInitialize:  ApiHandle = 98BDFB0,  connfd = 22
 
03/22 08:52:50 INFO   :.......init_policyAPI: APIInitialize:  Exiting
 
03/22 08:52:50 INFO   :.......init_policyAPI: RegisterWithPolicyAPI:  Entering


 01 
03/22 08:51:01 INFO   :.main: *************** RSVP Agent started ***************
 02 
03/22 08:51:01 INFO   :...locate_configFile: Specified configuration file: /u/user10/rsvpd1.conf
03/22 08:51:01 INFO   :.main: Using log level 511
03/22 08:51:01 INFO   :..settcpimage: Get TCP images rc - EDC8112I Operation not supported on socket.
 03 
03/22 08:51:01 INFO   :..settcpimage: Associate with TCP/IP image name = TCPCS
03/22 08:51:02 INFO   :..reg_process: registering process with the system
03/22 08:51:02 INFO   :..reg_process: attempt OS/390 registration
03/22 08:51:02 INFO   :..reg_process: return from registration rc=0
 04 
03/22 08:51:06 TRACE  :...read_physical_netif: Home list entries returned = 7
03/22 08:51:06 INFO   :...read_physical_netif: index #0, interface VLINK1 has address 129.1.1.1, ifidx 0
03/22 08:51:06 INFO   :...read_physical_netif: index #1, interface TR1 has address 9.37.65.139, ifidx 1
03/22 08:51:06 INFO   :...read_physical_netif: index #2, interface LINK11 has address 9.67.100.1, ifidx 2
03/22 08:51:06 INFO   :...read_physical_netif: index #3, interface LINK12 has address 9.67.101.1, ifidx 3
03/22 08:51:06 INFO   :...read_physical_netif: index #4, interface CTCD0 has address 9.67.116.98, ifidx 4
03/22 08:51:06 INFO   :...read_physical_netif: index #5, interface CTCD2 has address 9.67.117.98, ifidx 5
03/22 08:51:06 INFO   :...read_physical_netif: index #6, interface LOOPBACK has address 127.0.0.1, ifidx 0
03/22 08:51:06 INFO   :....mailslot_create: creating mailslot for timer
03/22 08:51:06 INFO   :...mailbox_register: mailbox allocated for timer
 05 
03/22 08:51:06 INFO   :.....mailslot_create: creating mailslot for RSVP
03/22 08:51:06 INFO   :....mailbox_register: mailbox allocated for rsvp
03/22 08:51:06 INFO   :.....mailslot_create: creating mailslot for RSVP via UDP
 06 
03/22 08:51:06 WARNING:.....mailslot_create: setsockopt(MCAST_ADD) failed - EDC8116I Address not available.
03/22 08:51:06 INFO   :....mailbox_register: mailbox allocated for rsvp-udp
03/22 08:51:06 TRACE  :..entity_initialize: interface 129.1.1.1, entity for rsvp allocated and initialized
03/22 08:51:06 INFO   :.....mailslot_create: creating mailslot for RSVP
03/22 08:51:06 INFO   :....mailbox_register: mailbox allocated for rsvp
03/22 08:51:06 INFO   :.....mailslot_create: creating mailslot for RSVP via UDP
03/22 08:51:06 WARNING:.....mailslot_create: setsockopt(MCAST_ADD) failed - EDC8116I Address not available.
03/22 08:51:06 INFO   :....mailbox_register: mailbox allocated for rsvp-udp
03/22 08:51:06 TRACE  :..entity_initialize: interface 9.37.65.139, entity for rsvp allocated and 
initialized
03/22 08:51:06 INFO   :.....mailslot_create: creating mailslot for RSVP
03/22 08:51:06 INFO   :....mailbox_register: mailbox allocated for rsvp
03/22 08:51:06 INFO   :.....mailslot_create: creating mailslot for RSVP via UDP
03/22 08:51:06 WARNING:.....mailslot_create: setsockopt(MCAST_ADD) failed - EDC8116I Address not available.
03/22 08:51:06 INFO   :....mailbox_register: mailbox allocated for rsvp-udp
03/22 08:51:06 TRACE  :..entity_initialize: interface 9.67.100.1, entity for rsvp allocated and initialized
03/22 08:51:06 INFO   :.....mailslot_create: creating mailslot for RSVP
03/22 08:51:06 INFO   :....mailbox_register: mailbox allocated for rsvp
03/22 08:51:06 INFO   :.....mailslot_create: creating mailslot for RSVP via UDP
03/22 08:51:06 WARNING:.....mailslot_create: setsockopt(MCAST_ADD) failed - EDC8116I Address not available.
03/22 08:51:06 INFO   :....mailbox_register: mailbox allocated for rsvp-udp
03/22 08:51:06 TRACE  :..entity_initialize: interface 9.67.101.1, entity for rsvp allocated and initialized
03/22 08:51:06 INFO   :.....mailslot_create: creating mailslot for RSVP
03/22 08:51:06 INFO   :....mailbox_register: mailbox allocated for rsvp
03/22 08:51:06 INFO   :.....mailslot_create: creating mailslot for RSVP via UDP
03/22 08:51:06 INFO   :....mailbox_register: mailbox allocated for rsvp-udp
03/22 08:51:06 TRACE  :..entity_initialize: interface 9.67.116.98, entity for rsvp allocated and 
initialized
03/22 08:51:06 INFO   :.....mailslot_create: creating mailslot for RSVP
03/22 08:51:06 INFO   :....mailbox_register: mailbox allocated for rsvp
03/22 08:51:06 INFO   :.....mailslot_create: creating mailslot for RSVP via UDP
03/22 08:51:06 INFO   :....mailbox_register: mailbox allocated for rsvp-udp
03/22 08:51:06 TRACE  :..entity_initialize: interface 9.67.117.98, entity for rsvp allocated and 
initialized